source\core\pcode_emit.c(29): Error! E1055: Unable to open 'stdio.h'
source\core\pcode_emit.c(30): Error! E1055: Unable to open 'stdlib.h'
source\core\pcode_emit.c(31): Error! E1055: Unable to open 'string.h'
source\config.h(47): Error! E1055: Unable to open 'stddef.h'
source\core\pcode_emit.c(46): Warning! W131: No prototype found for function 'memset'
source\core\pcode_emit.c(48): Warning! W131: No prototype found for function 'malloc'
source\core\pcode_emit.c(49): Error! E1011: Symbol 'size_t' has not been declared
source\core\pcode_emit.c(49): Error! E1009: Expecting ')' but found 'prog'
source\core\pcode_emit.c(49): Note! I2002: 'malloc' defined in: source\core\pcode_emit.c(48)
source\core\pcode_emit.c(49): Error! E1033: Expression for '->' must be 'pointer to struct or union'
source\core\pcode_emit.c(49): Error! E1009: Expecting ';' but found ')'
source\core\pcode_emit.c(49): Error! E1063: Missing operand
source\core\pcode_emit.c(49): Warning! W111: Meaningless use of an expression
source\core\pcode_emit.c(49): Error! E1009: Expecting ';' but found ')'
source\core\pcode_emit.c(49): Error! E1063: Missing operand
source\core\pcode_emit.c(49): Warning! W111: Meaningless use of an expression
source\core\pcode_emit.c(49): Error! E1009: Expecting ';' but found ')'
source\core\pcode_emit.c(49): Error! E1063: Missing operand
source\core\pcode_emit.c(49): Warning! W111: Meaningless use of an expression
source\core\pcode_emit.c(49): Error! E1009: Expecting ';' but found ')'
source\core\pcode_emit.c(49): Error! E1063: Missing operand
source\core\pcode_emit.c(49): Warning! W111: Meaningless use of an expression
source\core\pcode_emit.c(49): Error! E1009: Expecting ';' but found ')'
source\core\pcode_emit.c(49): Error! E1063: Missing operand
source\core\pcode_emit.c(49): Warning! W111: Meaningless use of an expression
source\core\pcode_emit.c(49): Error! E1009: Expecting ';' but found ')'
source\core\pcode_emit.c(49): Error! E1063: Missing operand
source\core\pcode_emit.c(49): Warning! W111: Meaningless use of an expression
source\core\pcode_emit.c(49): Error! E1009: Expecting ';' but found ')'
source\core\pcode_emit.c(49): Error! E1147: Too many errors: compilation aborted
