Loading Sample Library Showcase...
DEBUG: pi_parse_do at line 1005, rt->current_index=13
[2J[H============================================================
  BASIC++ Sample Library Showcase         07-08-2026
  7 extension libraries available
============================================================

  #  Library        Description
  -  -------        -----------
  1  TURTLE.LIB     Text-based turtle graphics engine
  2  REGEX.LIB      Simple pattern matching (glob-style)
  3  TINYDB.LIB     In-memory SQL-like database
  4  ADVENT.LIB     Text adventure engine (Zork-like)
  5  GAMEKIT.LIB    Console game development kit
  6  IOTKIT.LIB     IoT simulation toolkit
  7  EXTCMDS.LIB    Utility commands collection

  Q  Quit

  Enter choice: 1
[2J[H=== TURTLE GRAPHICS DEMO ===

Loading TURTLE.LIB via LOAD LIBRARY...
Loaded library: TURTLE v1.0 [OPEN] (10 SUB)
  Compiled: 10 symbols, 68 instructions (104 lines)

Drawing a square:
  CALL TURTLE_INIT
  CALL TURTLE_FORWARD(8)
  CALL TURTLE_RIGHT(90)
  (repeat 4 times)
  CALL TURTLE_DRAW

The turtle starts at center, facing East.
It draws '*' as it moves on a 40x20 grid.

This is a MINIMAL ENGINE for users to extend
with curves, fills, colors, and animation.
Unloaded: TURTLE
Unloaded library: TURTLE

  Press ENTER to return to menu...
DEBUG: pi_parse_loop at line 1290, stack_top=2
DEBUG: pi_parse_do at line 1005, rt->current_index=13
[2J[H============================================================
  BASIC++ Sample Library Showcase         07-08-2026
  7 extension libraries available
============================================================

  #  Library        Description
  -  -------        -----------
  1  TURTLE.LIB     Text-based turtle graphics engine
  2  REGEX.LIB      Simple pattern matching (glob-style)
  3  TINYDB.LIB     In-memory SQL-like database
  4  ADVENT.LIB     Text adventure engine (Zork-like)
  5  GAMEKIT.LIB    Console game development kit
  6  IOTKIT.LIB     IoT simulation toolkit
  7  EXTCMDS.LIB    Utility commands collection

  Q  Quit

  Enter choice: 2
[2J[H=== PATTERN MATCHING DEMO ===

Loading REGEX.LIB via LOAD LIBRARY...
Loaded library: REGEX v1.0 [OPEN] (0 SUB, 3 FUNCTION, 1 DEF FN)
  Compiled: 4 symbols, 74 instructions (94 lines)

Glob-style patterns:
  *     = match any characters
  ?     = match single character
  [abc] = match character class
  [!ab] = match negated class

Examples:
  GLOB_MATCH(
  GLOB_MATCH(
  GLOB_MATCH(
  GLOB_MATCH(

This engine can be extended into a full
regex with +, (), |, and quantifiers.
Unloaded: REGEX
Unloaded library: REGEX

  Press ENTER to return to menu...
DEBUG: pi_parse_loop at line 1290, stack_top=2
DEBUG: pi_parse_do at line 1005, rt->current_index=13
[2J[H============================================================
  BASIC++ Sample Library Showcase         07-08-2026
  7 extension libraries available
============================================================

  #  Library        Description
  -  -------        -----------
  1  TURTLE.LIB     Text-based turtle graphics engine
  2  REGEX.LIB      Simple pattern matching (glob-style)
  3  TINYDB.LIB     In-memory SQL-like database
  4  ADVENT.LIB     Text adventure engine (Zork-like)
  5  GAMEKIT.LIB    Console game development kit
  6  IOTKIT.LIB     IoT simulation toolkit
  7  EXTCMDS.LIB    Utility commands collection

  Q  Quit

  Enter choice: 3
[2J[H=== TINYDB DEMO ===

Loading TINYDB.LIB via LOAD LIBRARY...
Loaded library: TINYDB v1.0 [OPEN] (7 SUB, 3 DEF FN)
  Compiled: 10 symbols, 144 instructions (175 lines)

SQL-like commands for in-memory tables:

  CALL DB_CREATE(
  CALL DB_INSERT(
  CALL DB_INSERT(
  CALL DB_INSERT(
  CALL DB_SELECT(
  CALL DB_WHERE(

Output:
  NAME   |  AGE  |  CITY
  -----  +  ---  +  ------
  Alice  |  30   |  Denver
  Bob    |  25   |  Dallas
  Carol  |  35   |  Detroit
  3 row(s).

Extend: JOIN, ORDER BY, aggregate funcs.
Unloaded: TINYDB
Unloaded library: TINYDB

  Press ENTER to return to menu...
DEBUG: pi_parse_loop at line 1290, stack_top=2
DEBUG: pi_parse_do at line 1005, rt->current_index=13
[2J[H============================================================
  BASIC++ Sample Library Showcase         07-08-2026
  7 extension libraries available
============================================================

  #  Library        Description
  -  -------        -----------
  1  TURTLE.LIB     Text-based turtle graphics engine
  2  REGEX.LIB      Simple pattern matching (glob-style)
  3  TINYDB.LIB     In-memory SQL-like database
  4  ADVENT.LIB     Text adventure engine (Zork-like)
  5  GAMEKIT.LIB    Console game development kit
  6  IOTKIT.LIB     IoT simulation toolkit
  7  EXTCMDS.LIB    Utility commands collection

  Q  Quit

  Enter choice: 4
[2J[H=== TEXT ADVENTURE DEMO ===

Loading ADVENT.LIB via LOAD LIBRARY...
Loaded library: ADVENT v1.0 [OPEN] (12 SUB)
  Compiled: 12 symbols, 140 instructions (175 lines)

Build interactive fiction with rooms,
items, and compass navigation.

Setup:
  CALL ADV_ROOM(0, 
  CALL ADV_ROOM(1, 
  CALL ADV_EXIT(0, 
  CALL ADV_EXIT(1, 
  CALL ADV_ITEM(0, 
  CALL ADV_START(0)

Player commands:
  N S E W   - move
  LOOK      - describe room
  TAKE item - pick up
  DROP item - put down
  INVENTORY - show carried items

Extend: locked doors, NPCs, puzzles.
Unloaded: ADVENT
Unloaded library: ADVENT

  Press ENTER to return to menu...
DEBUG: pi_parse_loop at line 1290, stack_top=2
DEBUG: pi_parse_do at line 1005, rt->current_index=13
[2J[H============================================================
  BASIC++ Sample Library Showcase         07-08-2026
  7 extension libraries available
============================================================

  #  Library        Description
  -  -------        -----------
  1  TURTLE.LIB     Text-based turtle graphics engine
  2  REGEX.LIB      Simple pattern matching (glob-style)
  3  TINYDB.LIB     In-memory SQL-like database
  4  ADVENT.LIB     Text adventure engine (Zork-like)
  5  GAMEKIT.LIB    Console game development kit
  6  IOTKIT.LIB     IoT simulation toolkit
  7  EXTCMDS.LIB    Utility commands collection

  Q  Quit

  Enter choice: 5
[2J[H=== GAME DEVELOPMENT KIT DEMO ===

Loading GAMEKIT.LIB via LOAD LIBRARY...
Loaded library: GAMEKIT v1.0 [OPEN] (8 SUB, 2 DEF FN)
  Compiled: 10 symbols, 107 instructions (139 lines)

Console game engine with:
  - 40x20 character screen buffer
  - Entity management (32 entities)
  - Collision detection
  - Score tracking
  - WASD input loop

Setup:
  CALL GK_ENTITY(0, 20, 10, 
  CALL GK_ENTITY(1, 5, 5, 
  CALL GK_ENTITY(2, 30, 8, 
  CALL GK_BORDER(
  CALL GK_LOOP

Touching non-movable entities = pickup.
Extend: enemies, AI, scrolling, levels.
Unloaded: GAMEKIT
Unloaded library: GAMEKIT

  Press ENTER to return to menu...
DEBUG: pi_parse_loop at line 1290, stack_top=2
DEBUG: pi_parse_do at line 1005, rt->current_index=13
[2J[H============================================================
  BASIC++ Sample Library Showcase         07-08-2026
  7 extension libraries available
============================================================

  #  Library        Description
  -  -------        -----------
  1  TURTLE.LIB     Text-based turtle graphics engine
  2  REGEX.LIB      Simple pattern matching (glob-style)
  3  TINYDB.LIB     In-memory SQL-like database
  4  ADVENT.LIB     Text adventure engine (Zork-like)
  5  GAMEKIT.LIB    Console game development kit
  6  IOTKIT.LIB     IoT simulation toolkit
  7  EXTCMDS.LIB    Utility commands collection

  Q  Quit

  Enter choice: 6
[2J[H=== IoT SIMULATION DEMO ===

Loading IOTKIT.LIB via LOAD LIBRARY...
Loaded library: IOTKIT v1.0 [OPEN] (8 SUB)
  Compiled: 8 symbols, 106 instructions (134 lines)

Simulated sensor network:
  CALL IOT_SENSOR(0, 
  CALL IOT_SENSOR(1, 
  CALL IOT_SENSOR(2, 

Dashboard output:
  === IoT DASHBOARD ===
  Time: 14:30:05   Alerts: 1
  ----------------------------------------
  TEMP:      72.3F [########............] OK
  HUMIDITY:  82.1% [####################] !! ALERT
  PRESSURE: 1012.5mb [################....] OK

Extend: connect to FujiNet for real data.
Unloaded: IOTKIT
Unloaded library: IOTKIT

  Press ENTER to return to menu...
DEBUG: pi_parse_loop at line 1290, stack_top=2
DEBUG: pi_parse_do at line 1005, rt->current_index=13
[2J[H============================================================
  BASIC++ Sample Library Showcase         07-08-2026
  7 extension libraries available
============================================================

  #  Library        Description
  -  -------        -----------
  1  TURTLE.LIB     Text-based turtle graphics engine
  2  REGEX.LIB      Simple pattern matching (glob-style)
  3  TINYDB.LIB     In-memory SQL-like database
  4  ADVENT.LIB     Text adventure engine (Zork-like)
  5  GAMEKIT.LIB    Console game development kit
  6  IOTKIT.LIB     IoT simulation toolkit
  7  EXTCMDS.LIB    Utility commands collection

  Q  Quit

  Enter choice: 7
[2J[H=== UTILITY COMMANDS DEMO ===

Loading EXTCMDS.LIB via LOAD LIBRARY...
Loaded library: EXTCMDS v1.0 [OPEN] (9 SUB)
  Compiled: 9 symbols, 115 instructions (143 lines)

Commands provided:

  BANNER:    B A S I C + +
            [B][A][S][I][C][+][+]
             B A S I C + +

  PROGRESS: [#############.......] 65%

  BOXPRINT: +----------+
            |  Hello!  |
            +----------+

  Also: HEXDUMP, RULER, SPINNER,
        MARQUEE, CENTER, REPEAT_CHAR

All are simple utility functions that
demonstrate the BASIC++ library pattern.
Unloaded: EXTCMDS
Unloaded library: EXTCMDS

  Press ENTER to return to menu...
DEBUG: pi_parse_loop at line 1290, stack_top=2
DEBUG: pi_parse_do at line 1005, rt->current_index=13
[2J[H============================================================
  BASIC++ Sample Library Showcase         07-08-2026
  7 extension libraries available
============================================================

  #  Library        Description
  -  -------        -----------
  1  TURTLE.LIB     Text-based turtle graphics engine
  2  REGEX.LIB      Simple pattern matching (glob-style)
  3  TINYDB.LIB     In-memory SQL-like database
  4  ADVENT.LIB     Text adventure engine (Zork-like)
  5  GAMEKIT.LIB    Console game development kit
  6  IOTKIT.LIB     IoT simulation toolkit
  7  EXTCMDS.LIB    Utility commands collection

  Q  Quit

  Enter choice: Q
Goodbye!
