PRINT TEST — Screen output
Press ENTER to send a test line to printer (LPT1).
C
Cancelled.
Printing 10 lines to screen...
Line  1   Hello from BASIC
Line  2   Hello from BASIC
Line  3   Hello from BASIC
Line  4   Hello from BASIC
Line  5   Hello from BASIC
Line  6   Hello from BASIC
Line  7   Hello from BASIC
Line  8   Hello from BASIC
Line  9   Hello from BASIC
Line  10   Hello from BASIC
DONE.
