[2J[HText-mode box and diagonal (suitable for GW-BASIC/BASICA):
****************************************
*    *                                 *

*       *                              *
*          *                           *

*             *                        *
*                *                     *

*                   *                  *
*                      *               *

*                         *            *
*                            *         *

*                               *      *
****************************************


Press any key to show animated diagonal...
X
[2J[H                                        
                                        

                                        
                                        

                                        
                                        

                                        
                                        

                                        
                                        

                                        
                                        

                                        
                                        

                                        
                                        

                                        
                                        

                                        
                                        

                                        
                                        

                                        
                                        

                                        
                                        

                                        
                                        

                                        
                                        

                                        
                                        

                                        
                                        

                                        
                                        

   *                                    
                                        

                                        
                                        

                                        
                                        

                                        
                                        

                                        
                                        

                                        
                                        

    *                                   
                                        

                                        
                                        

                                        
                                        

                                        
                                        

                                        
                                        

                                        
                                        

     *                                  
                                        

                                        
                                        

                                        
                                        

                                        
                                        

                                        
                                        

                                        
                                        

                                        
      *                                 

                                        
                                        

                                        
                                        

                                        
                                        

                                        
                                        

                                        
                                        

                                        
       *                                

                                        
                                        

                                        
                                        

                                        
                                        

                                        
                                        

                                        
                                        

                                        
        *                               

                                        
                                        

                                        
                                        

                                        
                                        

                                        
                                        

                                        
                                        

                                        
                                        

         *                              
                                        

                                        
                                        

                                        
                                        

                                        
                                        

                                        
                                        

                                        
                                        

          *                             
                                        

                                        
                                        

                                        
                                        

                                        
                                        

                                        
                                        

                                        
                                        

           *                            
                                        

                                        
                                        

                                        
                                        

                                        
                                        

                                        
                                        

                                        
                                        

            *                           
                                        

                                        
                                        

                                        
                                        

                                        
                                        

                                        
                                        

                                        
                                        

                                        
             *                          

                                        
                                        

                                        
                                        

                                        
                                        

                                        
                                        

                                        
                                        

                                        
              *                         

                                        
                                        

                                        
                                        

                                        
                                        

                                        
                                        

                                        
                                        

                                        
               *                        

                                        
                                        

                                        
                                        

                                        
                                        

                                        
                                        

                                        
                                        

                                        
                                        

                *                       
                                        

                                        
                                        

                                        
                                        

                                        
                                        

                                        
                                        

                                        
                                        

                 *                      
                                        

                                        
                                        

                                        
                                        

                                        
                                        

                                        
                                        

                                        
                                        

                  *                     
                                        

                                        
                                        

                                        
                                        

                                        
                                        

                                        
                                        

                                        
                                        

                                        
                   *                    

                                        
                                        

                                        
                                        

                                        
                                        

                                        
                                        

                                        
                                        

                                        
                    *                   

                                        
                                        

                                        
                                        

                                        
                                        

                                        
                                        

                                        
                                        

                                        
                     *                  

                                        
                                        

                                        
                                        

                                        
                                        

                                        
                                        

                                        
                                        

                                        
                      *                 

                                        
                                        

                                        
                                        

                                        
                                        

                                        
                                        

                                        
                                        

                                        
                                        

                       *                
                                        

                                        
                                        

                                        
                                        

                                        
                                        

                                        
                                        

                                        
                                        

                        *               
                                        

                                        
                                        

                                        
                                        

                                        
                                        

                                        
                                        

                                        
                                        

                         *              
                                        

                                        
                                        

                                        
                                        

                                        
                                        

                                        
                                        

                                        
                                        

                                        
                          *             

                                        
                                        

                                        
                                        

                                        
                                        

                                        
                                        

                                        
                                        

                                        
                           *            

                                        
                                        

                                        
                                        

                                        
                                        

                                        
                                        

                                        
                                        

                                        
                            *           

                                        
                                        

                                        
                                        

                                        
                                        

                                        
                                        

                                        
                                        

                                        
                                        

                             *          
                                        

                                        
                                        

                                        
                                        

                                        
                                        

                                        
                                        

                                        
                                        

                              *         
                                        

                                        
                                        

                                        
                                        

                                        
                                        

                                        
                                        

                                        
                                        

                               *        
                                        

                                        
                                        

                                        
                                        

                                        
                                        

                                        
                                        

                                        
                                        

                                *       
                                        

                                        
                                        

                                        
                                        

                                        
                                        

                                        
                                        

                                        
                                        

                                        
                                 *      

                                        
                                        

                                        
                                        

                                        
                                        

                                        
                                        

                                        
                                        

                                        
                                  *     

                                        
                                        

                                        
                                        

                                        
                                        

                                        
                                        

                                        
                                        

                                        
                                   *    

                                        
                                        

                                        
                                        

                                        
                                        

                                        
                                        

                                        
                                        

                                        
                                        

                                    *   
                                        

                                        
                                        

                                        
                                        

                                        
                                        

                                        
                                        

                                        
                                        

                                     *  
                                        

                                        
                                        

                                        
                                        

                                        
                                        

                                        
                                        

                                        
                                        

                                      * 
                                        

                                        
                                        

                                        
                                        

                                        
                                        

                                        
                                        

                                        
                                        

                                        
                                       *

Done.
