[2J[HDEBUG: pi_parse_do at line 40, rt->current_index=11
[2J[H=== BASIC SAMPLE MENU ===

Choose (1) Hello (2) FileIO (3) Graphics (Q) Quit: 1
Hello! This is a menu demo.

DEBUG: pi_parse_loop at line 90, stack_top=1
DEBUG: pi_parse_do at line 40, rt->current_index=11
[2J[H=== BASIC SAMPLE MENU ===

Choose (1) Hello (2) FileIO (3) Graphics (Q) Quit: 2
This would run file IO demo (not chained).

DEBUG: pi_parse_loop at line 90, stack_top=1
DEBUG: pi_parse_do at line 40, rt->current_index=11
[2J[H=== BASIC SAMPLE MENU ===

Choose (1) Hello (2) FileIO (3) Graphics (Q) Quit: 3
Graphics demo will run...
[2J[H       *                                
         *       **           *         

 *                      *     *         
          *       *                     

   *          *                         
  *              *                   *  

                           *            
                          *   *         

        *                *   * *        
  **           *              *    *    

              **        *            *  
           *                   *        

             *                          
       *            *                   

 *            *                         
         *               *            * 

   *         *                          
            *               *           

                          *            *
                   *                    


[2J[H=== BASIC SAMPLE MENU ===

DEBUG: pi_parse_loop at line 90, stack_top=1
DEBUG: pi_parse_do at line 40, rt->current_index=11
[2J[H=== BASIC SAMPLE MENU ===

Choose (1) Hello (2) FileIO (3) Graphics (Q) Quit: 4
Invalid choice.
DEBUG: pi_parse_loop at line 90, stack_top=1
DEBUG: pi_parse_do at line 40, rt->current_index=11
[2J[H=== BASIC SAMPLE MENU ===

Choose (1) Hello (2) FileIO (3) Graphics (Q) Quit: Q
