[TEST] Arithmetic & Math Suite Started.
[TEST] Phase 1: Native IEEE-754 / Default Float Mode
   -> Testing Trigonometry...
   -> Testing Hyperbolic Trig...
   -> Testing Exponents and Logarithms...
   -> Testing Utilities...
   -> Testing Binary Bytes...
   -> Testing Randomizer...
   -> Testing Stats...
   -> Testing Complex Math...
   -> Testing Matrix Determinant...
   -> Testing MAT IDN...
[TEST] Phase 2: OPTION ARITHMETIC DECIMAL
   -> Testing Trigonometry...
   -> Testing Hyperbolic Trig...
   -> Testing Exponents and Logarithms...
   -> Testing Utilities...
   -> Testing Binary Bytes...
   -> Testing Randomizer...
[TEST] Suite Finished Successfully.
